// Jest Snapshot v1, https://goo.gl/fbAQLP

exports[`Testing <Layout /> should show <Layout /> properly 1`] = `
<Layout
  className="layout"
>
  <Header />
  <Content
    className="main"
  >
    <Row
      className="row"
    >
      <Col
        className="col"
        offset={4}
        span={16}
      >
        <Title
          level={2}
        >
          title
        </Title>
        <div>
          children
        </div>
      </Col>
    </Row>
  </Content>
  <Footer
    className="footer"
  >
    Â© 2020 Keepcoding
  </Footer>
</Layout>
`;
